// Jest Snapshot v1, https://goo.gl/fbAQLP

exports[`sho   uld render AddExpensePage correctly 1`] = `
<div>
  This is from my Add Expense Page
  <ExpenseForm
    onSubmit={[Function]}
  />
</div>
`;
