// Jest Snapshot v1, https://goo.gl/fbAQLP

exports[`should render Header correctly 1`] = `
<header>
  <h1>
    Expensify
  </h1>
  <p>
    To return to home page
    <NavLink
      activeClassName="is-active"
      ariaCurrent="true"
      exact={true}
      to="/"
    >
      Click Here
    </NavLink>
  </p>
  <p>
    To create an expense :- 
    <NavLink
      activeClassName="is-active"
      ariaCurrent="true"
      to="/create"
    >
      Click Here
    </NavLink>
  </p>
  <p>
    To edit an expense :- 
    <NavLink
      activeClassName="is-active"
      ariaCurrent="true"
      to="/edit"
    >
      Click Here
    </NavLink>
  </p>
  <p>
    Need some help?
    <NavLink
      activeClassName="is-active"
      ariaCurrent="true"
      to="/help"
    >
      Click Here
    </NavLink>
  </p>
</header>
`;
